../Core/Src/main.c:70:6:aqm1602_command	32	static
../Core/Src/main.c:86:6:aqm1602_data	32	static
../Core/Src/main.c:102:6:lcd_puts	16	static
../Core/Src/main.c:114:6:aqm1602_init	16	static
../Core/Src/main.c:147:6:aqm1602_pos	16	static
../Core/Src/main.c:155:6:lcd_clear	8	static
../Core/Src/main.c:166:5:main	32	static
../Core/Src/main.c:255:6:SystemClock_Config	88	static
../Core/Src/main.c:303:13:MX_I2C1_Init	8	static
../Core/Src/main.c:337:13:MX_USART2_UART_Init	8	static
../Core/Src/main.c:370:13:MX_GPIO_Init	48	static
../Core/Src/main.c:410:6:Error_Handler	4	static,ignoring_inline_asm
