../Core/Src/main.c:67:6:lcd_cmd	32	static
../Core/Src/main.c:78:6:lcd_data	32	static
../Core/Src/main.c:89:6:lcd_puts	16	static
../Core/Src/main.c:96:6:lcd_init	16	static
../Core/Src/main.c:112:6:lcd_move	16	static
../Core/Src/main.c:116:6:lcd_pos	16	static
../Core/Src/main.c:120:6:lcd_clear	8	static
../Core/Src/main.c:130:5:main	32	static
../Core/Src/main.c:200:6:SystemClock_Config	88	static
../Core/Src/main.c:248:13:MX_I2C1_Init	8	static
../Core/Src/main.c:282:13:MX_USART2_UART_Init	8	static
../Core/Src/main.c:315:13:MX_GPIO_Init	48	static
../Core/Src/main.c:355:6:Error_Handler	4	static,ignoring_inline_asm
